Archive member included to satisfy reference by file (symbol)

c:/program files (x86)/atmel/studio/7.0/toolchain/arm/arm-gnu-toolchain/bin/../lib/gcc/arm-none-eabi/6.3.1/../../../../arm-none-eabi/lib/thumb/v7e-m\libc.a(lib_a-exit.o)
                              c:/program files (x86)/atmel/studio/7.0/toolchain/arm/arm-gnu-toolchain/bin/../lib/gcc/arm-none-eabi/6.3.1/../../../../arm-none-eabi/lib/thumb/v7e-m/crt0.o (exit)
c:/program files (x86)/atmel/studio/7.0/toolchain/arm/arm-gnu-toolchain/bin/../lib/gcc/arm-none-eabi/6.3.1/../../../../arm-none-eabi/lib/thumb/v7e-m\libc.a(lib_a-impure.o)
                              c:/program files (x86)/atmel/studio/7.0/toolchain/arm/arm-gnu-toolchain/bin/../lib/gcc/arm-none-eabi/6.3.1/../../../../arm-none-eabi/lib/thumb/v7e-m\libc.a(lib_a-exit.o) (_global_impure_ptr)
c:/program files (x86)/atmel/studio/7.0/toolchain/arm/arm-gnu-toolchain/bin/../lib/gcc/arm-none-eabi/6.3.1/../../../../arm-none-eabi/lib/thumb/v7e-m\libc.a(lib_a-init.o)
                              c:/program files (x86)/atmel/studio/7.0/toolchain/arm/arm-gnu-toolchain/bin/../lib/gcc/arm-none-eabi/6.3.1/../../../../arm-none-eabi/lib/thumb/v7e-m/crt0.o (__libc_init_array)
c:/program files (x86)/atmel/studio/7.0/toolchain/arm/arm-gnu-toolchain/bin/../lib/gcc/arm-none-eabi/6.3.1/../../../../arm-none-eabi/lib/thumb/v7e-m\libc.a(lib_a-memset.o)
                              c:/program files (x86)/atmel/studio/7.0/toolchain/arm/arm-gnu-toolchain/bin/../lib/gcc/arm-none-eabi/6.3.1/../../../../arm-none-eabi/lib/thumb/v7e-m/crt0.o (memset)
c:/program files (x86)/atmel/studio/7.0/toolchain/arm/arm-gnu-toolchain/bin/../lib/gcc/arm-none-eabi/6.3.1/../../../../arm-none-eabi/lib/thumb/v7e-m\libc.a(lib_a-__call_atexit.o)
                              c:/program files (x86)/atmel/studio/7.0/toolchain/arm/arm-gnu-toolchain/bin/../lib/gcc/arm-none-eabi/6.3.1/../../../../arm-none-eabi/lib/thumb/v7e-m\libc.a(lib_a-exit.o) (__call_exitprocs)
c:/program files (x86)/atmel/studio/7.0/toolchain/arm/arm-gnu-toolchain/bin/../lib/gcc/arm-none-eabi/6.3.1/../../../../arm-none-eabi/lib/thumb/v7e-m\libc.a(lib_a-atexit.o)
                              c:/program files (x86)/atmel/studio/7.0/toolchain/arm/arm-gnu-toolchain/bin/../lib/gcc/arm-none-eabi/6.3.1/../../../../arm-none-eabi/lib/thumb/v7e-m\libc.a(lib_a-__call_atexit.o) (atexit)
c:/program files (x86)/atmel/studio/7.0/toolchain/arm/arm-gnu-toolchain/bin/../lib/gcc/arm-none-eabi/6.3.1/../../../../arm-none-eabi/lib/thumb/v7e-m\libc.a(lib_a-fini.o)
                              c:/program files (x86)/atmel/studio/7.0/toolchain/arm/arm-gnu-toolchain/bin/../lib/gcc/arm-none-eabi/6.3.1/../../../../arm-none-eabi/lib/thumb/v7e-m\libc.a(lib_a-__call_atexit.o) (__libc_fini_array)
c:/program files (x86)/atmel/studio/7.0/toolchain/arm/arm-gnu-toolchain/bin/../lib/gcc/arm-none-eabi/6.3.1/../../../../arm-none-eabi/lib/thumb/v7e-m\libc.a(lib_a-lock.o)
                              c:/program files (x86)/atmel/studio/7.0/toolchain/arm/arm-gnu-toolchain/bin/../lib/gcc/arm-none-eabi/6.3.1/../../../../arm-none-eabi/lib/thumb/v7e-m\libc.a(lib_a-__call_atexit.o) (__retarget_lock_acquire_recursive)
c:/program files (x86)/atmel/studio/7.0/toolchain/arm/arm-gnu-toolchain/bin/../lib/gcc/arm-none-eabi/6.3.1/../../../../arm-none-eabi/lib/thumb/v7e-m\libc.a(lib_a-__atexit.o)
                              c:/program files (x86)/atmel/studio/7.0/toolchain/arm/arm-gnu-toolchain/bin/../lib/gcc/arm-none-eabi/6.3.1/../../../../arm-none-eabi/lib/thumb/v7e-m\libc.a(lib_a-atexit.o) (__register_exitproc)

Allocating common symbols
Common symbol       size              file

__lock___atexit_recursive_mutex
                    0x1               c:/program files (x86)/atmel/studio/7.0/toolchain/arm/arm-gnu-toolchain/bin/../lib/gcc/arm-none-eabi/6.3.1/../../../../arm-none-eabi/lib/thumb/v7e-m\libc.a(lib_a-lock.o)
__lock___arc4random_mutex
                    0x1               c:/program files (x86)/atmel/studio/7.0/toolchain/arm/arm-gnu-toolchain/bin/../lib/gcc/arm-none-eabi/6.3.1/../../../../arm-none-eabi/lib/thumb/v7e-m\libc.a(lib_a-lock.o)
__lock___env_recursive_mutex
                    0x1               c:/program files (x86)/atmel/studio/7.0/toolchain/arm/arm-gnu-toolchain/bin/../lib/gcc/arm-none-eabi/6.3.1/../../../../arm-none-eabi/lib/thumb/v7e-m\libc.a(lib_a-lock.o)
__lock___sinit_recursive_mutex
                    0x1               c:/program files (x86)/atmel/studio/7.0/toolchain/arm/arm-gnu-toolchain/bin/../lib/gcc/arm-none-eabi/6.3.1/../../../../arm-none-eabi/lib/thumb/v7e-m\libc.a(lib_a-lock.o)
__lock___malloc_recursive_mutex
                    0x1               c:/program files (x86)/atmel/studio/7.0/toolchain/arm/arm-gnu-toolchain/bin/../lib/gcc/arm-none-eabi/6.3.1/../../../../arm-none-eabi/lib/thumb/v7e-m\libc.a(lib_a-lock.o)
__lock___at_quick_exit_mutex
                    0x1               c:/program files (x86)/atmel/studio/7.0/toolchain/arm/arm-gnu-toolchain/bin/../lib/gcc/arm-none-eabi/6.3.1/../../../../arm-none-eabi/lib/thumb/v7e-m\libc.a(lib_a-lock.o)
__lock___dd_hash_mutex
                    0x1               c:/program files (x86)/atmel/studio/7.0/toolchain/arm/arm-gnu-toolchain/bin/../lib/gcc/arm-none-eabi/6.3.1/../../../../arm-none-eabi/lib/thumb/v7e-m\libc.a(lib_a-lock.o)
__lock___tz_mutex   0x1               c:/program files (x86)/atmel/studio/7.0/toolchain/arm/arm-gnu-toolchain/bin/../lib/gcc/arm-none-eabi/6.3.1/../../../../arm-none-eabi/lib/thumb/v7e-m\libc.a(lib_a-lock.o)
__lock___sfp_recursive_mutex
                    0x1               c:/program files (x86)/atmel/studio/7.0/toolchain/arm/arm-gnu-toolchain/bin/../lib/gcc/arm-none-eabi/6.3.1/../../../../arm-none-eabi/lib/thumb/v7e-m\libc.a(lib_a-lock.o)

Discarded input sections

 .text          0x00000000        0x0 c:/program files (x86)/atmel/studio/7.0/toolchain/arm/arm-gnu-toolchain/bin/../lib/gcc/arm-none-eabi/6.3.1/thumb/v7e-m/crti.o
 .data          0x00000000        0x0 c:/program files (x86)/atmel/studio/7.0/toolchain/arm/arm-gnu-toolchain/bin/../lib/gcc/arm-none-eabi/6.3.1/thumb/v7e-m/crti.o
 .bss           0x00000000        0x0 c:/program files (x86)/atmel/studio/7.0/toolchain/arm/arm-gnu-toolchain/bin/../lib/gcc/arm-none-eabi/6.3.1/thumb/v7e-m/crti.o
 .data          0x00000000        0x4 c:/program files (x86)/atmel/studio/7.0/toolchain/arm/arm-gnu-toolchain/bin/../lib/gcc/arm-none-eabi/6.3.1/thumb/v7e-m/crtbegin.o
 .text          0x00000000       0x74 c:/program files (x86)/atmel/studio/7.0/toolchain/arm/arm-gnu-toolchain/bin/../lib/gcc/arm-none-eabi/6.3.1/../../../../arm-none-eabi/lib/thumb/v7e-m/crt0.o
 .data          0x00000000        0x0 c:/program files (x86)/atmel/studio/7.0/toolchain/arm/arm-gnu-toolchain/bin/../lib/gcc/arm-none-eabi/6.3.1/../../../../arm-none-eabi/lib/thumb/v7e-m/crt0.o
 .bss           0x00000000        0x0 c:/program files (x86)/atmel/studio/7.0/toolchain/arm/arm-gnu-toolchain/bin/../lib/gcc/arm-none-eabi/6.3.1/../../../../arm-none-eabi/lib/thumb/v7e-m/crt0.o
 .ARM.extab     0x00000000        0x0 c:/program files (x86)/atmel/studio/7.0/toolchain/arm/arm-gnu-toolchain/bin/../lib/gcc/arm-none-eabi/6.3.1/../../../../arm-none-eabi/lib/thumb/v7e-m/crt0.o
 .ARM.exidx     0x00000000        0x8 c:/program files (x86)/atmel/studio/7.0/toolchain/arm/arm-gnu-toolchain/bin/../lib/gcc/arm-none-eabi/6.3.1/../../../../arm-none-eabi/lib/thumb/v7e-m/crt0.o
 .ARM.attributes
                0x00000000       0x1c c:/program files (x86)/atmel/studio/7.0/toolchain/arm/arm-gnu-toolchain/bin/../lib/gcc/arm-none-eabi/6.3.1/../../../../arm-none-eabi/lib/thumb/v7e-m/crt0.o
 .group         0x00000000        0x8 Device_Startup/startup_sam4e.o
 .group         0x00000000        0x8 Device_Startup/startup_sam4e.o
 .group         0x00000000        0x8 Device_Startup/startup_sam4e.o
 .group         0x00000000        0x8 Device_Startup/startup_sam4e.o
 .group         0x00000000        0x8 Device_Startup/startup_sam4e.o
 .group         0x00000000        0x8 Device_Startup/startup_sam4e.o
 .group         0x00000000        0x8 Device_Startup/startup_sam4e.o
 .group         0x00000000        0x8 Device_Startup/startup_sam4e.o
 .group         0x00000000        0x8 Device_Startup/startup_sam4e.o
 .group         0x00000000        0x8 Device_Startup/startup_sam4e.o
 .group         0x00000000        0x8 Device_Startup/startup_sam4e.o
 .group         0x00000000        0x8 Device_Startup/startup_sam4e.o
 .group         0x00000000        0x8 Device_Startup/startup_sam4e.o
 .group         0x00000000        0x8 Device_Startup/startup_sam4e.o
 .group         0x00000000        0x8 Device_Startup/startup_sam4e.o
 .group         0x00000000        0x8 Device_Startup/startup_sam4e.o
 .group         0x00000000        0x8 Device_Startup/startup_sam4e.o
 .group         0x00000000        0x8 Device_Startup/startup_sam4e.o
 .group         0x00000000        0x8 Device_Startup/startup_sam4e.o
 .group         0x00000000        0x8 Device_Startup/startup_sam4e.o
 .group         0x00000000        0x8 Device_Startup/startup_sam4e.o
 .group         0x00000000        0x8 Device_Startup/startup_sam4e.o
 .group         0x00000000        0x8 Device_Startup/startup_sam4e.o
 .group         0x00000000        0x8 Device_Startup/startup_sam4e.o
 .group         0x00000000        0x8 Device_Startup/startup_sam4e.o
 .group         0x00000000        0x8 Device_Startup/startup_sam4e.o
 .group         0x00000000        0x8 Device_Startup/startup_sam4e.o
 .group         0x00000000        0x8 Device_Startup/startup_sam4e.o
 .group         0x00000000        0x8 Device_Startup/startup_sam4e.o
 .group         0x00000000        0x8 Device_Startup/startup_sam4e.o
 .group         0x00000000        0x8 Device_Startup/startup_sam4e.o
 .group         0x00000000        0x8 Device_Startup/startup_sam4e.o
 .group         0x00000000        0x8 Device_Startup/startup_sam4e.o
 .group         0x00000000        0x8 Device_Startup/startup_sam4e.o
 .group         0x00000000        0x8 Device_Startup/startup_sam4e.o
 .group         0x00000000        0x8 Device_Startup/startup_sam4e.o
 .group         0x00000000        0x8 Device_Startup/startup_sam4e.o
 .group         0x00000000        0x8 Device_Startup/startup_sam4e.o
 .group         0x00000000        0x8 Device_Startup/startup_sam4e.o
 .group         0x00000000        0x8 Device_Startup/startup_sam4e.o
 .group         0x00000000        0x8 Device_Startup/startup_sam4e.o
 .group         0x00000000        0x8 Device_Startup/startup_sam4e.o
 .group         0x00000000        0x8 Device_Startup/startup_sam4e.o
 .group         0x00000000        0x8 Device_Startup/startup_sam4e.o
 .group         0x00000000        0x8 Device_Startup/startup_sam4e.o
 .group         0x00000000        0x8 Device_Startup/startup_sam4e.o
 .group         0x00000000        0x8 Device_Startup/startup_sam4e.o
 .group         0x00000000        0x8 Device_Startup/startup_sam4e.o
 .group         0x00000000        0x8 Device_Startup/startup_sam4e.o
 .group         0x00000000        0x8 Device_Startup/startup_sam4e.o
 .group         0x00000000        0x8 Device_Startup/startup_sam4e.o
 .group         0x00000000        0x8 Device_Startup/startup_sam4e.o
 .group         0x00000000        0x8 Device_Startup/startup_sam4e.o
 .group         0x00000000        0x8 Device_Startup/startup_sam4e.o
 .group         0x00000000        0x8 Device_Startup/startup_sam4e.o
 .group         0x00000000        0x8 Device_Startup/startup_sam4e.o
 .group         0x00000000        0x8 Device_Startup/startup_sam4e.o
 .group         0x00000000        0x8 Device_Startup/startup_sam4e.o
 .group         0x00000000        0x8 Device_Startup/startup_sam4e.o
 .group         0x00000000        0x8 Device_Startup/startup_sam4e.o
 .group         0x00000000        0x8 Device_Startup/startup_sam4e.o
 .group         0x00000000        0x8 Device_Startup/startup_sam4e.o
 .group         0x00000000        0x8 Device_Startup/startup_sam4e.o
 .group         0x00000000        0x8 Device_Startup/startup_sam4e.o
 .group         0x00000000        0x8 Device_Startup/startup_sam4e.o
 .group         0x00000000        0x8 Device_Startup/startup_sam4e.o
 .group         0x00000000        0x8 Device_Startup/startup_sam4e.o
 .group         0x00000000        0x8 Device_Startup/startup_sam4e.o
 .group         0x00000000        0x8 Device_Startup/startup_sam4e.o
 .group         0x00000000        0x8 Device_Startup/startup_sam4e.o
 .group         0x00000000        0x8 Device_Startup/startup_sam4e.o
 .group         0x00000000        0x8 Device_Startup/startup_sam4e.o
 .group         0x00000000        0x8 Device_Startup/startup_sam4e.o
 .group         0x00000000        0x8 Device_Startup/startup_sam4e.o
 .group         0x00000000        0x8 Device_Startup/startup_sam4e.o
 .group         0x00000000        0x8 Device_Startup/startup_sam4e.o
 .group         0x00000000        0x8 Device_Startup/startup_sam4e.o
 .group         0x00000000        0x8 Device_Startup/startup_sam4e.o
 .group         0x00000000        0x8 Device_Startup/startup_sam4e.o
 .group         0x00000000        0x8 Device_Startup/startup_sam4e.o
 .group         0x00000000        0x8 Device_Startup/startup_sam4e.o
 .group         0x00000000        0x8 Device_Startup/startup_sam4e.o
 .group         0x00000000        0x8 Device_Startup/startup_sam4e.o
 .text          0x00000000        0x0 Device_Startup/startup_sam4e.o
 .data          0x00000000        0x0 Device_Startup/startup_sam4e.o
 .bss           0x00000000        0x0 Device_Startup/startup_sam4e.o
 .group         0x00000000        0x8 Device_Startup/system_sam4e.o
 .group         0x00000000        0x8 Device_Startup/system_sam4e.o
 .group         0x00000000        0x8 Device_Startup/system_sam4e.o
 .group         0x00000000        0x8 Device_Startup/system_sam4e.o
 .group         0x00000000        0x8 Device_Startup/system_sam4e.o
 .group         0x00000000        0x8 Device_Startup/system_sam4e.o
 .group         0x00000000        0x8 Device_Startup/system_sam4e.o
 .group         0x00000000        0x8 Device_Startup/system_sam4e.o
 .group         0x00000000        0x8 Device_Startup/system_sam4e.o
 .group         0x00000000        0x8 Device_Startup/system_sam4e.o
 .group         0x00000000        0x8 Device_Startup/system_sam4e.o
 .group         0x00000000        0x8 Device_Startup/system_sam4e.o
 .group         0x00000000        0x8 Device_Startup/system_sam4e.o
 .group         0x00000000        0x8 Device_Startup/system_sam4e.o
 .group         0x00000000        0x8 Device_Startup/system_sam4e.o
 .group         0x00000000        0x8 Device_Startup/system_sam4e.o
 .group         0x00000000        0x8 Device_Startup/system_sam4e.o
 .group         0x00000000        0x8 Device_Startup/system_sam4e.o
 .group         0x00000000        0x8 Device_Startup/system_sam4e.o
 .group         0x00000000        0x8 Device_Startup/system_sam4e.o
 .group         0x00000000        0x8 Device_Startup/system_sam4e.o
 .group         0x00000000        0x8 Device_Startup/system_sam4e.o
 .group         0x00000000        0x8 Device_Startup/system_sam4e.o
 .group         0x00000000        0x8 Device_Startup/system_sam4e.o
 .group         0x00000000        0x8 Device_Startup/system_sam4e.o
 .group         0x00000000        0x8 Device_Startup/system_sam4e.o
 .group         0x00000000        0x8 Device_Startup/system_sam4e.o
 .group         0x00000000        0x8 Device_Startup/system_sam4e.o
 .group         0x00000000        0x8 Device_Startup/system_sam4e.o
 .group         0x00000000        0x8 Device_Startup/system_sam4e.o
 .group         0x00000000        0x8 Device_Startup/system_sam4e.o
 .group         0x00000000        0x8 Device_Startup/system_sam4e.o
 .group         0x00000000        0x8 Device_Startup/system_sam4e.o
 .group         0x00000000        0x8 Device_Startup/system_sam4e.o
 .group         0x00000000        0x8 Device_Startup/system_sam4e.o
 .group         0x00000000        0x8 Device_Startup/system_sam4e.o
 .group         0x00000000        0x8 Device_Startup/system_sam4e.o
 .group         0x00000000        0x8 Device_Startup/system_sam4e.o
 .group         0x00000000        0x8 Device_Startup/system_sam4e.o
 .group         0x00000000        0x8 Device_Startup/system_sam4e.o
 .group         0x00000000        0x8 Device_Startup/system_sam4e.o
 .group         0x00000000        0x8 Device_Startup/system_sam4e.o
 .group         0x00000000        0x8 Device_Startup/system_sam4e.o
 .group         0x00000000        0x8 Device_Startup/system_sam4e.o
 .group         0x00000000        0x8 Device_Startup/system_sam4e.o
 .group         0x00000000        0x8 Device_Startup/system_sam4e.o
 .group         0x00000000        0x8 Device_Startup/system_sam4e.o
 .group         0x00000000        0x8 Device_Startup/system_sam4e.o
 .group         0x00000000        0x8 Device_Startup/system_sam4e.o
 .group         0x00000000        0x8 Device_Startup/system_sam4e.o
 .group         0x00000000        0x8 Device_Startup/system_sam4e.o
 .group         0x00000000        0x8 Device_Startup/system_sam4e.o
 .group         0x00000000        0x8 Device_Startup/system_sam4e.o
 .group         0x00000000        0x8 Device_Startup/system_sam4e.o
 .group         0x00000000        0x8 Device_Startup/system_sam4e.o
 .group         0x00000000        0x8 Device_Startup/system_sam4e.o
 .group         0x00000000        0x8 Device_Startup/system_sam4e.o
 .group         0x00000000        0x8 Device_Startup/system_sam4e.o
 .group         0x00000000        0x8 Device_Startup/system_sam4e.o
 .group         0x00000000        0x8 Device_Startup/system_sam4e.o
 .group         0x00000000        0x8 Device_Startup/system_sam4e.o
 .group         0x00000000        0x8 Device_Startup/system_sam4e.o
 .group         0x00000000        0x8 Device_Startup/system_sam4e.o
 .group         0x00000000        0x8 Device_Startup/system_sam4e.o
 .group         0x00000000        0x8 Device_Startup/system_sam4e.o
 .group         0x00000000        0x8 Device_Startup/system_sam4e.o
 .group         0x00000000        0x8 Device_Startup/system_sam4e.o
 .group         0x00000000        0x8 Device_Startup/system_sam4e.o
 .group         0x00000000        0x8 Device_Startup/system_sam4e.o
 .group         0x00000000        0x8 Device_Startup/system_sam4e.o
 .group         0x00000000        0x8 Device_Startup/system_sam4e.o
 .group         0x00000000        0x8 Device_Startup/system_sam4e.o
 .group         0x00000000        0x8 Device_Startup/system_sam4e.o
 .group         0x00000000        0x8 Device_Startup/system_sam4e.o
 .group         0x00000000        0x8 Device_Startup/system_sam4e.o
 .group         0x00000000        0x8 Device_Startup/system_sam4e.o
 .group         0x00000000        0x8 Device_Startup/system_sam4e.o
 .group         0x00000000        0x8 Device_Startup/system_sam4e.o
 .group         0x00000000        0x8 Device_Startup/system_sam4e.o
 .group         0x00000000        0x8 Device_Startup/system_sam4e.o
 .group         0x00000000        0x8 Device_Startup/system_sam4e.o
 .group         0x00000000        0x8 Device_Startup/system_sam4e.o
 .group         0x00000000        0x8 Device_Startup/system_sam4e.o
 .text          0x00000000        0x0 Device_Startup/system_sam4e.o
 .bss           0x00000000        0x0 Device_Startup/system_sam4e.o
 .text.SystemCoreClockUpdate
                0x00000000      0x110 Device_Startup/system_sam4e.o
 .text.system_init_flash
                0x00000000       0x70 Device_Startup/system_sam4e.o
 .debug_macro   0x00000000      0x8b0 Device_Startup/system_sam4e.o
 .debug_macro   0x00000000       0x22 Device_Startup/system_sam4e.o
 .debug_macro   0x00000000       0x87 Device_Startup/system_sam4e.o
 .debug_macro   0x00000000       0x51 Device_Startup/system_sam4e.o
 .debug_macro   0x00000000       0xef Device_Startup/system_sam4e.o
 .debug_macro   0x00000000       0x6a Device_Startup/system_sam4e.o
 .debug_macro   0x00000000      0x1df Device_Startup/system_sam4e.o
 .debug_macro   0x00000000       0x27 Device_Startup/system_sam4e.o
 .debug_macro   0x00000000       0x1c Device_Startup/system_sam4e.o
 .debug_macro   0x00000000       0x22 Device_Startup/system_sam4e.o
 .debug_macro   0x00000000       0xdf Device_Startup/system_sam4e.o
 .debug_macro   0x00000000      0xf07 Device_Startup/system_sam4e.o
 .debug_macro   0x00000000      0x154 Device_Startup/system_sam4e.o
 .debug_macro   0x00000000      0x1f7 Device_Startup/system_sam4e.o
 .debug_macro   0x00000000      0xdb5 Device_Startup/system_sam4e.o
 .debug_macro   0x00000000      0x531 Device_Startup/system_sam4e.o
 .debug_macro   0x00000000      0x2bb Device_Startup/system_sam4e.o
 .debug_macro   0x00000000      0x11e Device_Startup/system_sam4e.o
 .debug_macro   0x00000000       0xac Device_Startup/system_sam4e.o
 .debug_macro   0x00000000      0x320 Device_Startup/system_sam4e.o
 .debug_macro   0x00000000      0x53c Device_Startup/system_sam4e.o
 .debug_macro   0x00000000      0x106 Device_Startup/system_sam4e.o
 .debug_macro   0x00000000      0xa97 Device_Startup/system_sam4e.o
 .debug_macro   0x00000000       0x1c Device_Startup/system_sam4e.o
 .debug_macro   0x00000000      0x755 Device_Startup/system_sam4e.o
 .debug_macro   0x00000000      0x23c Device_Startup/system_sam4e.o
 .debug_macro   0x00000000       0xbe Device_Startup/system_sam4e.o
 .debug_macro   0x00000000     0x28ac Device_Startup/system_sam4e.o
 .debug_macro   0x00000000      0x7af Device_Startup/system_sam4e.o
 .debug_macro   0x00000000      0xb74 Device_Startup/system_sam4e.o
 .debug_macro   0x00000000       0x7c Device_Startup/system_sam4e.o
 .debug_macro   0x00000000      0x3cb Device_Startup/system_sam4e.o
 .debug_macro   0x00000000       0x64 Device_Startup/system_sam4e.o
 .debug_macro   0x00000000      0x378 Device_Startup/system_sam4e.o
 .debug_macro   0x00000000      0x6f8 Device_Startup/system_sam4e.o
 .debug_macro   0x00000000      0x6da Device_Startup/system_sam4e.o
 .debug_macro   0x00000000      0x373 Device_Startup/system_sam4e.o
 .debug_macro   0x00000000      0x27e Device_Startup/system_sam4e.o
 .debug_macro   0x00000000      0x2c8 Device_Startup/system_sam4e.o
 .debug_macro   0x00000000      0x6ad Device_Startup/system_sam4e.o
 .debug_macro   0x00000000       0x76 Device_Startup/system_sam4e.o
 .debug_macro   0x00000000      0x336 Device_Startup/system_sam4e.o
 .debug_macro   0x00000000       0x46 Device_Startup/system_sam4e.o
 .debug_macro   0x00000000      0x216 Device_Startup/system_sam4e.o
 .debug_macro   0x00000000      0x216 Device_Startup/system_sam4e.o
 .debug_macro   0x00000000      0x286 Device_Startup/system_sam4e.o
 .debug_macro   0x00000000       0x64 Device_Startup/system_sam4e.o
 .debug_macro   0x00000000       0x7c Device_Startup/system_sam4e.o
 .debug_macro   0x00000000       0xb8 Device_Startup/system_sam4e.o
 .debug_macro   0x00000000       0x52 Device_Startup/system_sam4e.o
 .debug_macro   0x00000000       0x88 Device_Startup/system_sam4e.o
 .debug_macro   0x00000000      0x1b6 Device_Startup/system_sam4e.o
 .debug_macro   0x00000000      0x1b6 Device_Startup/system_sam4e.o
 .debug_macro   0x00000000      0x126 Device_Startup/system_sam4e.o
 .debug_macro   0x00000000       0xac Device_Startup/system_sam4e.o
 .debug_macro   0x00000000       0xac Device_Startup/system_sam4e.o
 .debug_macro   0x00000000       0x94 Device_Startup/system_sam4e.o
 .debug_macro   0x00000000       0x94 Device_Startup/system_sam4e.o
 .debug_macro   0x00000000       0xca Device_Startup/system_sam4e.o
 .debug_macro   0x00000000       0xca Device_Startup/system_sam4e.o
 .debug_macro   0x00000000       0x7c Device_Startup/system_sam4e.o
 .debug_macro   0x00000000       0x40 Device_Startup/system_sam4e.o
 .debug_macro   0x00000000       0xee Device_Startup/system_sam4e.o
 .debug_macro   0x00000000       0x46 Device_Startup/system_sam4e.o
 .debug_macro   0x00000000       0xee Device_Startup/system_sam4e.o
 .debug_macro   0x00000000       0xa0 Device_Startup/system_sam4e.o
 .debug_macro   0x00000000       0x7c Device_Startup/system_sam4e.o
 .debug_macro   0x00000000       0x16 Device_Startup/system_sam4e.o
 .debug_macro   0x00000000       0x22 Device_Startup/system_sam4e.o
 .debug_macro   0x00000000      0x18e Device_Startup/system_sam4e.o
 .debug_macro   0x00000000      0x15e Device_Startup/system_sam4e.o
 .debug_macro   0x00000000      0x15e Device_Startup/system_sam4e.o
 .debug_macro   0x00000000      0x15e Device_Startup/system_sam4e.o
 .debug_macro   0x00000000      0x15e Device_Startup/system_sam4e.o
 .debug_macro   0x00000000       0x1c Device_Startup/system_sam4e.o
 .debug_macro   0x00000000       0x2e Device_Startup/system_sam4e.o
 .debug_macro   0x00000000       0x22 Device_Startup/system_sam4e.o
 .debug_macro   0x00000000       0x1c Device_Startup/system_sam4e.o
 .debug_macro   0x00000000       0x52 Device_Startup/system_sam4e.o
 .debug_macro   0x00000000       0x10 Device_Startup/system_sam4e.o
 .debug_macro   0x00000000      0x2a4 Device_Startup/system_sam4e.o
 .debug_macro   0x00000000      0xb43 Device_Startup/system_sam4e.o
 .debug_macro   0x00000000       0xe4 Device_Startup/system_sam4e.o
 .group         0x00000000        0x8 main.o
 .group         0x00000000        0x8 main.o
 .group         0x00000000        0x8 main.o
 .group         0x00000000        0x8 main.o
 .group         0x00000000        0x8 main.o
 .group         0x00000000        0x8 main.o
 .group         0x00000000        0x8 main.o
 .group         0x00000000        0x8 main.o
 .group         0x00000000        0x8 main.o
 .group         0x00000000        0x8 main.o
 .group         0x00000000        0x8 main.o
 .group         0x00000000        0x8 main.o
 .group         0x00000000        0x8 main.o
 .group         0x00000000        0x8 main.o
 .group         0x00000000        0x8 main.o
 .group         0x00000000        0x8 main.o
 .group         0x00000000        0x8 main.o
 .group         0x00000000        0x8 main.o
 .group         0x00000000        0x8 main.o
 .group         0x00000000        0x8 main.o
 .group         0x00000000        0x8 main.o
 .group         0x00000000        0x8 main.o
 .group         0x00000000        0x8 main.o
 .group         0x00000000        0x8 main.o
 .group         0x00000000        0x8 main.o
 .group         0x00000000        0x8 main.o
 .group         0x00000000        0x8 main.o
 .group         0x00000000        0x8 main.o
 .group         0x00000000        0x8 main.o
 .group         0x00000000        0x8 main.o
 .group         0x00000000        0x8 main.o
 .group         0x00000000        0x8 main.o
 .group         0x00000000        0x8 main.o
 .group         0x00000000        0x8 main.o
 .group         0x00000000        0x8 main.o
 .group         0x00000000        0x8 main.o
 .group         0x00000000        0x8 main.o
 .group         0x00000000        0x8 main.o
 .group         0x00000000        0x8 main.o
 .group         0x00000000        0x8 main.o
 .group         0x00000000        0x8 main.o
 .group         0x00000000        0x8 main.o
 .group         0x00000000        0x8 main.o
 .group         0x00000000        0x8 main.o
 .group         0x00000000        0x8 main.o
 .group         0x00000000        0x8 main.o
 .group         0x00000000        0x8 main.o
 .group         0x00000000        0x8 main.o
 .group         0x00000000        0x8 main.o
 .group         0x00000000        0x8 main.o
 .group         0x00000000        0x8 main.o
 .group         0x00000000        0x8 main.o
 .group         0x00000000        0x8 main.o
 .group         0x00000000        0x8 main.o
 .group         0x00000000        0x8 main.o
 .group         0x00000000        0x8 main.o
 .group         0x00000000        0x8 main.o
 .group         0x00000000        0x8 main.o
 .group         0x00000000        0x8 main.o
 .group         0x00000000        0x8 main.o
 .group         0x00000000        0x8 main.o
 .group         0x00000000        0x8 main.o
 .group         0x00000000        0x8 main.o
 .group         0x00000000        0x8 main.o
 .group         0x00000000        0x8 main.o
 .group         0x00000000        0x8 main.o
 .group         0x00000000        0x8 main.o
 .group         0x00000000        0x8 main.o
 .group         0x00000000        0x8 main.o
 .group         0x00000000        0x8 main.o
 .group         0x00000000        0x8 main.o
 .group         0x00000000        0x8 main.o
 .group         0x00000000        0x8 main.o
 .group         0x00000000        0x8 main.o
 .group         0x00000000        0x8 main.o
 .group         0x00000000        0x8 main.o
 .group         0x00000000        0x8 main.o
 .group         0x00000000        0x8 main.o
 .group         0x00000000        0x8 main.o
 .group         0x00000000        0x8 main.o
 .group         0x00000000        0x8 main.o
 .group         0x00000000        0x8 main.o
 .group         0x00000000        0x8 main.o
 .group         0x00000000        0x8 main.o
 .text          0x00000000        0x0 main.o
 .data          0x00000000        0x0 main.o
 .bss           0x00000000        0x0 main.o
 .debug_macro   0x00000000       0x22 main.o
 .debug_macro   0x00000000       0x51 main.o
 .debug_macro   0x00000000       0xef main.o
 .debug_macro   0x00000000       0x6a main.o
 .debug_macro   0x00000000      0x1df main.o
 .debug_macro   0x00000000       0x27 main.o
 .debug_macro   0x00000000       0x1c main.o
 .debug_macro   0x00000000       0x22 main.o
 .debug_macro   0x00000000       0xdf main.o
 .debug_macro   0x00000000      0x154 main.o
 .debug_macro   0x00000000      0x1f7 main.o
 .debug_macro   0x00000000      0xdb5 main.o
 .debug_macro   0x00000000      0x531 main.o
 .debug_macro   0x00000000      0x2bb main.o
 .debug_macro   0x00000000      0x11e main.o
 .debug_macro   0x00000000       0xac main.o
 .debug_macro   0x00000000      0x320 main.o
 .debug_macro   0x00000000      0x53c main.o
 .debug_macro   0x00000000      0x106 main.o
 .debug_macro   0x00000000      0xa97 main.o
 .debug_macro   0x00000000       0x1c main.o
 .debug_macro   0x00000000      0x755 main.o
 .debug_macro   0x00000000      0x23c main.o
 .debug_macro   0x00000000       0xbe main.o
 .debug_macro   0x00000000     0x28ac main.o
 .debug_macro   0x00000000      0x7af main.o
 .debug_macro   0x00000000      0xb74 main.o
 .debug_macro   0x00000000       0x7c main.o
 .debug_macro   0x00000000      0x3cb main.o
 .debug_macro   0x00000000       0x64 main.o
 .debug_macro   0x00000000      0x378 main.o
 .debug_macro   0x00000000      0x6f8 main.o
 .debug_macro   0x00000000      0x6da main.o
 .debug_macro   0x00000000      0x373 main.o
 .debug_macro   0x00000000      0x27e main.o
 .debug_macro   0x00000000      0x2c8 main.o
 .debug_macro   0x00000000      0x6ad main.o
 .debug_macro   0x00000000       0x76 main.o
 .debug_macro   0x00000000      0x336 main.o
 .debug_macro   0x00000000       0x46 main.o
 .debug_macro   0x00000000      0x216 main.o
 .debug_macro   0x00000000      0x216 main.o
 .debug_macro   0x00000000      0x286 main.o
 .debug_macro   0x00000000       0x64 main.o
 .debug_macro   0x00000000       0x7c main.o
 .debug_macro   0x00000000       0xb8 main.o
 .debug_macro   0x00000000       0x52 main.o
 .debug_macro   0x00000000       0x88 main.o
 .debug_macro   0x00000000      0x1b6 main.o
 .debug_macro   0x00000000      0x1b6 main.o
 .debug_macro   0x00000000      0x126 main.o
 .debug_macro   0x00000000       0xac main.o
 .debug_macro   0x00000000       0xac main.o
 .debug_macro   0x00000000       0x94 main.o
 .debug_macro   0x00000000       0x94 main.o
 .debug_macro   0x00000000       0xca main.o
 .debug_macro   0x00000000       0xca main.o
 .debug_macro   0x00000000       0x7c main.o
 .debug_macro   0x00000000       0x40 main.o
 .debug_macro   0x00000000       0xee main.o
 .debug_macro   0x00000000       0x46 main.o
 .debug_macro   0x00000000       0xee main.o
 .debug_macro   0x00000000       0xa0 main.o
 .debug_macro   0x00000000       0x7c main.o
 .debug_macro   0x00000000       0x16 main.o
 .debug_macro   0x00000000       0x22 main.o
 .debug_macro   0x00000000      0x18e main.o
 .debug_macro   0x00000000      0x15e main.o
 .debug_macro   0x00000000      0x15e main.o
 .debug_macro   0x00000000      0x15e main.o
 .debug_macro   0x00000000      0x15e main.o
 .debug_macro   0x00000000       0x1c main.o
 .debug_macro   0x00000000       0x2e main.o
 .debug_macro   0x00000000       0x22 main.o
 .debug_macro   0x00000000       0x1c main.o
 .debug_macro   0x00000000       0x52 main.o
 .debug_macro   0x00000000       0x10 main.o
 .debug_macro   0x00000000      0x2a4 main.o
 .debug_macro   0x00000000      0xb43 main.o
 .debug_macro   0x00000000       0xe4 main.o
 .text          0x00000000        0x0 c:/program files (x86)/atmel/studio/7.0/toolchain/arm/arm-gnu-toolchain/bin/../lib/gcc/arm-none-eabi/6.3.1/../../../../arm-none-eabi/lib/thumb/v7e-m\libc.a(lib_a-exit.o)
 .data          0x00000000        0x0 c:/program files (x86)/atmel/studio/7.0/toolchain/arm/arm-gnu-toolchain/bin/../lib/gcc/arm-none-eabi/6.3.1/../../../../arm-none-eabi/lib/thumb/v7e-m\libc.a(lib_a-exit.o)
 .bss           0x00000000        0x0 c:/program files (x86)/atmel/studio/7.0/toolchain/arm/arm-gnu-toolchain/bin/../lib/gcc/arm-none-eabi/6.3.1/../../../../arm-none-eabi/lib/thumb/v7e-m\libc.a(lib_a-exit.o)
 .text.exit     0x00000000       0x20 c:/program files (x86)/atmel/studio/7.0/toolchain/arm/arm-gnu-toolchain/bin/../lib/gcc/arm-none-eabi/6.3.1/../../../../arm-none-eabi/lib/thumb/v7e-m\libc.a(lib_a-exit.o)
 .debug_frame   0x00000000       0x28 c:/program files (x86)/atmel/studio/7.0/toolchain/arm/arm-gnu-toolchain/bin/../lib/gcc/arm-none-eabi/6.3.1/../../../../arm-none-eabi/lib/thumb/v7e-m\libc.a(lib_a-exit.o)
 .ARM.attributes
                0x00000000       0x2e c:/program files (x86)/atmel/studio/7.0/toolchain/arm/arm-gnu-toolchain/bin/../lib/gcc/arm-none-eabi/6.3.1/../../../../arm-none-eabi/lib/thumb/v7e-m\libc.a(lib_a-exit.o)
 .text          0x00000000        0x0 c:/program files (x86)/atmel/studio/7.0/toolchain/arm/arm-gnu-toolchain/bin/../lib/gcc/arm-none-eabi/6.3.1/../../../../arm-none-eabi/lib/thumb/v7e-m\libc.a(lib_a-impure.o)
 .data          0x00000000        0x0 c:/program files (x86)/atmel/studio/7.0/toolchain/arm/arm-gnu-toolchain/bin/../lib/gcc/arm-none-eabi/6.3.1/../../../../arm-none-eabi/lib/thumb/v7e-m\libc.a(lib_a-impure.o)
 .bss           0x00000000        0x0 c:/program files (x86)/atmel/studio/7.0/toolchain/arm/arm-gnu-toolchain/bin/../lib/gcc/arm-none-eabi/6.3.1/../../../../arm-none-eabi/lib/thumb/v7e-m\libc.a(lib_a-impure.o)
 .data._impure_ptr
                0x00000000        0x4 c:/program files (x86)/atmel/studio/7.0/toolchain/arm/arm-gnu-toolchain/bin/../lib/gcc/arm-none-eabi/6.3.1/../../../../arm-none-eabi/lib/thumb/v7e-m\libc.a(lib_a-impure.o)
 .text          0x00000000        0x0 c:/program files (x86)/atmel/studio/7.0/toolchain/arm/arm-gnu-toolchain/bin/../lib/gcc/arm-none-eabi/6.3.1/../../../../arm-none-eabi/lib/thumb/v7e-m\libc.a(lib_a-init.o)
 .data          0x00000000        0x0 c:/program files (x86)/atmel/studio/7.0/toolchain/arm/arm-gnu-toolchain/bin/../lib/gcc/arm-none-eabi/6.3.1/../../../../arm-none-eabi/lib/thumb/v7e-m\libc.a(lib_a-init.o)
 .bss           0x00000000        0x0 c:/program files (x86)/atmel/studio/7.0/toolchain/arm/arm-gnu-toolchain/bin/../lib/gcc/arm-none-eabi/6.3.1/../../../../arm-none-eabi/lib/thumb/v7e-m\libc.a(lib_a-init.o)
 .text          0x00000000        0x0 c:/program files (x86)/atmel/studio/7.0/toolchain/arm/arm-gnu-toolchain/bin/../lib/gcc/arm-none-eabi/6.3.1/../../../../arm-none-eabi/lib/thumb/v7e-m\libc.a(lib_a-memset.o)
 .data          0x00000000        0x0 c:/program files (x86)/atmel/studio/7.0/toolchain/arm/arm-gnu-toolchain/bin/../lib/gcc/arm-none-eabi/6.3.1/../../../../arm-none-eabi/lib/thumb/v7e-m\libc.a(lib_a-memset.o)
 .bss           0x00000000        0x0 c:/program files (x86)/atmel/studio/7.0/toolchain/arm/arm-gnu-toolchain/bin/../lib/gcc/arm-none-eabi/6.3.1/../../../../arm-none-eabi/lib/thumb/v7e-m\libc.a(lib_a-memset.o)
 .text.memset   0x00000000       0x9c c:/program files (x86)/atmel/studio/7.0/toolchain/arm/arm-gnu-toolchain/bin/../lib/gcc/arm-none-eabi/6.3.1/../../../../arm-none-eabi/lib/thumb/v7e-m\libc.a(lib_a-memset.o)
 .debug_frame   0x00000000       0x34 c:/program files (x86)/atmel/studio/7.0/toolchain/arm/arm-gnu-toolchain/bin/../lib/gcc/arm-none-eabi/6.3.1/../../../../arm-none-eabi/lib/thumb/v7e-m\libc.a(lib_a-memset.o)
 .ARM.attributes
                0x00000000       0x2e c:/program files (x86)/atmel/studio/7.0/toolchain/arm/arm-gnu-toolchain/bin/../lib/gcc/arm-none-eabi/6.3.1/../../../../arm-none-eabi/lib/thumb/v7e-m\libc.a(lib_a-memset.o)
 .text          0x00000000        0x0 c:/program files (x86)/atmel/studio/7.0/toolchain/arm/arm-gnu-toolchain/bin/../lib/gcc/arm-none-eabi/6.3.1/../../../../arm-none-eabi/lib/thumb/v7e-m\libc.a(lib_a-__call_atexit.o)
 .data          0x00000000        0x0 c:/program files (x86)/atmel/studio/7.0/toolchain/arm/arm-gnu-toolchain/bin/../lib/gcc/arm-none-eabi/6.3.1/../../../../arm-none-eabi/lib/thumb/v7e-m\libc.a(lib_a-__call_atexit.o)
 .bss           0x00000000        0x0 c:/program files (x86)/atmel/studio/7.0/toolchain/arm/arm-gnu-toolchain/bin/../lib/gcc/arm-none-eabi/6.3.1/../../../../arm-none-eabi/lib/thumb/v7e-m\libc.a(lib_a-__call_atexit.o)
 .text.__call_exitprocs
                0x00000000       0xe8 c:/program files (x86)/atmel/studio/7.0/toolchain/arm/arm-gnu-toolchain/bin/../lib/gcc/arm-none-eabi/6.3.1/../../../../arm-none-eabi/lib/thumb/v7e-m\libc.a(lib_a-__call_atexit.o)
 .text          0x00000000        0x0 c:/program files (x86)/atmel/studio/7.0/toolchain/arm/arm-gnu-toolchain/bin/../lib/gcc/arm-none-eabi/6.3.1/../../../../arm-none-eabi/lib/thumb/v7e-m\libc.a(lib_a-atexit.o)
 .data          0x00000000        0x0 c:/program files (x86)/atmel/studio/7.0/toolchain/arm/arm-gnu-toolchain/bin/../lib/gcc/arm-none-eabi/6.3.1/../../../../arm-none-eabi/lib/thumb/v7e-m\libc.a(lib_a-atexit.o)
 .bss           0x00000000        0x0 c:/program files (x86)/atmel/studio/7.0/toolchain/arm/arm-gnu-toolchain/bin/../lib/gcc/arm-none-eabi/6.3.1/../../../../arm-none-eabi/lib/thumb/v7e-m\libc.a(lib_a-atexit.o)
 .text          0x00000000        0x0 c:/program files (x86)/atmel/studio/7.0/toolchain/arm/arm-gnu-toolchain/bin/../lib/gcc/arm-none-eabi/6.3.1/../../../../arm-none-eabi/lib/thumb/v7e-m\libc.a(lib_a-fini.o)
 .data          0x00000000        0x0 c:/program files (x86)/atmel/studio/7.0/toolchain/arm/arm-gnu-toolchain/bin/../lib/gcc/arm-none-eabi/6.3.1/../../../../arm-none-eabi/lib/thumb/v7e-m\libc.a(lib_a-fini.o)
 .bss           0x00000000        0x0 c:/program files (x86)/atmel/studio/7.0/toolchain/arm/arm-gnu-toolchain/bin/../lib/gcc/arm-none-eabi/6.3.1/../../../../arm-none-eabi/lib/thumb/v7e-m\libc.a(lib_a-fini.o)
 .text          0x00000000        0x0 c:/program files (x86)/atmel/studio/7.0/toolchain/arm/arm-gnu-toolchain/bin/../lib/gcc/arm-none-eabi/6.3.1/../../../../arm-none-eabi/lib/thumb/v7e-m\libc.a(lib_a-lock.o)
 .data          0x00000000        0x0 c:/program files (x86)/atmel/studio/7.0/toolchain/arm/arm-gnu-toolchain/bin/../lib/gcc/arm-none-eabi/6.3.1/../../../../arm-none-eabi/lib/thumb/v7e-m\libc.a(lib_a-lock.o)
 .bss           0x00000000        0x0 c:/program files (x86)/atmel/studio/7.0/toolchain/arm/arm-gnu-toolchain/bin/../lib/gcc/arm-none-eabi/6.3.1/../../../../arm-none-eabi/lib/thumb/v7e-m\libc.a(lib_a-lock.o)
 .text.__retarget_lock_init
                0x00000000        0x4 c:/program files (x86)/atmel/studio/7.0/toolchain/arm/arm-gnu-toolchain/bin/../lib/gcc/arm-none-eabi/6.3.1/../../../../arm-none-eabi/lib/thumb/v7e-m\libc.a(lib_a-lock.o)
 .text.__retarget_lock_init_recursive
                0x00000000        0x4 c:/program files (x86)/atmel/studio/7.0/toolchain/arm/arm-gnu-toolchain/bin/../lib/gcc/arm-none-eabi/6.3.1/../../../../arm-none-eabi/lib/thumb/v7e-m\libc.a(lib_a-lock.o)
 .text.__retarget_lock_close
                0x00000000        0x4 c:/program files (x86)/atmel/studio/7.0/toolchain/arm/arm-gnu-toolchain/bin/../lib/gcc/arm-none-eabi/6.3.1/../../../../arm-none-eabi/lib/thumb/v7e-m\libc.a(lib_a-lock.o)
 .text.__retarget_lock_close_recursive
                0x00000000        0x4 c:/program files (x86)/atmel/studio/7.0/toolchain/arm/arm-gnu-toolchain/bin/../lib/gcc/arm-none-eabi/6.3.1/../../../../arm-none-eabi/lib/thumb/v7e-m\libc.a(lib_a-lock.o)
 .text.__retarget_lock_acquire
                0x00000000        0x4 c:/program files (x86)/atmel/studio/7.0/toolchain/arm/arm-gnu-toolchain/bin/../lib/gcc/arm-none-eabi/6.3.1/../../../../arm-none-eabi/lib/thumb/v7e-m\libc.a(lib_a-lock.o)
 .text.__retarget_lock_try_acquire
                0x00000000        0x4 c:/program files (x86)/atmel/studio/7.0/toolchain/arm/arm-gnu-toolchain/bin/../lib/gcc/arm-none-eabi/6.3.1/../../../../arm-none-eabi/lib/thumb/v7e-m\libc.a(lib_a-lock.o)
 .text.__retarget_lock_try_acquire_recursive
                0x00000000        0x4 c:/program files (x86)/atmel/studio/7.0/toolchain/arm/arm-gnu-toolchain/bin/../lib/gcc/arm-none-eabi/6.3.1/../../../../arm-none-eabi/lib/thumb/v7e-m\libc.a(lib_a-lock.o)
 .text.__retarget_lock_release
                0x00000000        0x4 c:/program files (x86)/atmel/studio/7.0/toolchain/arm/arm-gnu-toolchain/bin/../lib/gcc/arm-none-eabi/6.3.1/../../../../arm-none-eabi/lib/thumb/v7e-m\libc.a(lib_a-lock.o)
 .text          0x00000000        0x0 c:/program files (x86)/atmel/studio/7.0/toolchain/arm/arm-gnu-toolchain/bin/../lib/gcc/arm-none-eabi/6.3.1/../../../../arm-none-eabi/lib/thumb/v7e-m\libc.a(lib_a-__atexit.o)
 .data          0x00000000        0x0 c:/program files (x86)/atmel/studio/7.0/toolchain/arm/arm-gnu-toolchain/bin/../lib/gcc/arm-none-eabi/6.3.1/../../../../arm-none-eabi/lib/thumb/v7e-m\libc.a(lib_a-__atexit.o)
 .bss           0x00000000        0x0 c:/program files (x86)/atmel/studio/7.0/toolchain/arm/arm-gnu-toolchain/bin/../lib/gcc/arm-none-eabi/6.3.1/../../../../arm-none-eabi/lib/thumb/v7e-m\libc.a(lib_a-__atexit.o)
 .text          0x00000000        0x0 c:/program files (x86)/atmel/studio/7.0/toolchain/arm/arm-gnu-toolchain/bin/../lib/gcc/arm-none-eabi/6.3.1/thumb/v7e-m/crtend.o
 .data          0x00000000        0x0 c:/program files (x86)/atmel/studio/7.0/toolchain/arm/arm-gnu-toolchain/bin/../lib/gcc/arm-none-eabi/6.3.1/thumb/v7e-m/crtend.o
 .bss           0x00000000        0x0 c:/program files (x86)/atmel/studio/7.0/toolchain/arm/arm-gnu-toolchain/bin/../lib/gcc/arm-none-eabi/6.3.1/thumb/v7e-m/crtend.o
 .eh_frame      0x00000000        0x4 c:/program files (x86)/atmel/studio/7.0/toolchain/arm/arm-gnu-toolchain/bin/../lib/gcc/arm-none-eabi/6.3.1/thumb/v7e-m/crtend.o
 .jcr           0x00000000        0x4 c:/program files (x86)/atmel/studio/7.0/toolchain/arm/arm-gnu-toolchain/bin/../lib/gcc/arm-none-eabi/6.3.1/thumb/v7e-m/crtend.o
 .ARM.attributes
                0x00000000       0x2e c:/program files (x86)/atmel/studio/7.0/toolchain/arm/arm-gnu-toolchain/bin/../lib/gcc/arm-none-eabi/6.3.1/thumb/v7e-m/crtend.o
 .text          0x00000000        0x0 c:/program files (x86)/atmel/studio/7.0/toolchain/arm/arm-gnu-toolchain/bin/../lib/gcc/arm-none-eabi/6.3.1/thumb/v7e-m/crtn.o
 .data          0x00000000        0x0 c:/program files (x86)/atmel/studio/7.0/toolchain/arm/arm-gnu-toolchain/bin/../lib/gcc/arm-none-eabi/6.3.1/thumb/v7e-m/crtn.o
 .bss           0x00000000        0x0 c:/program files (x86)/atmel/studio/7.0/toolchain/arm/arm-gnu-toolchain/bin/../lib/gcc/arm-none-eabi/6.3.1/thumb/v7e-m/crtn.o

Memory Configuration

Name             Origin             Length             Attributes
rom              0x00400000         0x00080000         xr
ram              0x20000000         0x00020000         xrw
*default*        0x00000000         0xffffffff

Linker script and memory map

LOAD c:/program files (x86)/atmel/studio/7.0/toolchain/arm/arm-gnu-toolchain/bin/../lib/gcc/arm-none-eabi/6.3.1/thumb/v7e-m/crti.o
LOAD c:/program files (x86)/atmel/studio/7.0/toolchain/arm/arm-gnu-toolchain/bin/../lib/gcc/arm-none-eabi/6.3.1/thumb/v7e-m/crtbegin.o
LOAD c:/program files (x86)/atmel/studio/7.0/toolchain/arm/arm-gnu-toolchain/bin/../lib/gcc/arm-none-eabi/6.3.1/../../../../arm-none-eabi/lib/thumb/v7e-m/crt0.o
LOAD Device_Startup/startup_sam4e.o
LOAD Device_Startup/system_sam4e.o
LOAD main.o
START GROUP
END GROUP
LOAD c:/program files (x86)/atmel/studio/7.0/toolchain/arm/arm-gnu-toolchain/bin/../lib/gcc/arm-none-eabi/6.3.1/../../../../arm-none-eabi/lib/thumb/v7e-m\libstdc++.a
LOAD c:/program files (x86)/atmel/studio/7.0/toolchain/arm/arm-gnu-toolchain/bin/../lib/gcc/arm-none-eabi/6.3.1/../../../../arm-none-eabi/lib/thumb/v7e-m\libm.a
START GROUP
LOAD c:/program files (x86)/atmel/studio/7.0/toolchain/arm/arm-gnu-toolchain/bin/../lib/gcc/arm-none-eabi/6.3.1/thumb/v7e-m\libgcc.a
LOAD c:/program files (x86)/atmel/studio/7.0/toolchain/arm/arm-gnu-toolchain/bin/../lib/gcc/arm-none-eabi/6.3.1/../../../../arm-none-eabi/lib/thumb/v7e-m\libc.a
END GROUP
LOAD c:/program files (x86)/atmel/studio/7.0/toolchain/arm/arm-gnu-toolchain/bin/../lib/gcc/arm-none-eabi/6.3.1/thumb/v7e-m/crtend.o
LOAD c:/program files (x86)/atmel/studio/7.0/toolchain/arm/arm-gnu-toolchain/bin/../lib/gcc/arm-none-eabi/6.3.1/thumb/v7e-m/crtn.o
                0x00003000                STACK_SIZE = DEFINED (STACK_SIZE)?STACK_SIZE:0x3000

.text           0x00400000      0x414
                0x00400000                . = ALIGN (0x4)
                0x00400000                _sfixed = .
 *(.vectors .vectors.*)
 .vectors       0x00400000       0xf8 Device_Startup/startup_sam4e.o
                0x00400000                exception_table
 *(.text .text.* .gnu.linkonce.t.*)
 .text          0x004000f8       0x6c c:/program files (x86)/atmel/studio/7.0/toolchain/arm/arm-gnu-toolchain/bin/../lib/gcc/arm-none-eabi/6.3.1/thumb/v7e-m/crtbegin.o
 .text.Dummy_Handler
                0x00400164        0x2 Device_Startup/startup_sam4e.o
                0x00400164                DACC_Handler
                0x00400164                DebugMon_Handler
                0x00400164                DMAC_Handler
                0x00400164                HardFault_Handler
                0x00400164                TC2_Handler
                0x00400164                SPI_Handler
                0x00400164                SysTick_Handler
                0x00400164                TWI1_Handler
                0x00400164                AFEC1_Handler
                0x00400164                PendSV_Handler
                0x00400164                NMI_Handler
                0x00400164                TC7_Handler
                0x00400164                USART0_Handler
                0x00400164                RTT_Handler
                0x00400164                PIOB_Handler
                0x00400164                RTC_Handler
                0x00400164                UsageFault_Handler
                0x00400164                TC6_Handler
                0x00400164                WDT_Handler
                0x00400164                CAN0_Handler
                0x00400164                TC4_Handler
                0x00400164                TC1_Handler
                0x00400164                HSMCI_Handler
                0x00400164                UART1_Handler
                0x00400164                TC3_Handler
                0x00400164                ARM_Handler
                0x00400164                Dummy_Handler
                0x00400164                TWI0_Handler
                0x00400164                USART1_Handler
                0x00400164                PIOA_Handler
                0x00400164                AFEC0_Handler
                0x00400164                ACC_Handler
                0x00400164                PMC_Handler
                0x00400164                PWM_Handler
                0x00400164                GMAC_Handler
                0x00400164                CAN1_Handler
                0x00400164                MemManage_Handler
                0x00400164                SUPC_Handler
                0x00400164                SVC_Handler
                0x00400164                TC8_Handler
                0x00400164                EFC_Handler
                0x00400164                PIOE_Handler
                0x00400164                PIOD_Handler
                0x00400164                UART0_Handler
                0x00400164                PIOC_Handler
                0x00400164                UDP_Handler
                0x00400164                BusFault_Handler
                0x00400164                RSTC_Handler
                0x00400164                TC0_Handler
                0x00400164                TC5_Handler
                0x00400164                AES_Handler
 *fill*         0x00400166        0x2 
 .text.Reset_Handler
                0x00400168       0x68 Device_Startup/startup_sam4e.o
                0x00400168                Reset_Handler
 .text.SystemInit
                0x004001d0       0xa0 Device_Startup/system_sam4e.o
                0x004001d0                SystemInit
 .text.main     0x00400270        0xc main.o
                0x00400270                main
 .text.__libc_init_array
                0x0040027c       0x50 c:/program files (x86)/atmel/studio/7.0/toolchain/arm/arm-gnu-toolchain/bin/../lib/gcc/arm-none-eabi/6.3.1/../../../../arm-none-eabi/lib/thumb/v7e-m\libc.a(lib_a-init.o)
                0x0040027c                __libc_init_array
 .text.startup.register_fini
                0x004002cc       0x14 c:/program files (x86)/atmel/studio/7.0/toolchain/arm/arm-gnu-toolchain/bin/../lib/gcc/arm-none-eabi/6.3.1/../../../../arm-none-eabi/lib/thumb/v7e-m\libc.a(lib_a-__call_atexit.o)
 .text.atexit   0x004002e0        0xc c:/program files (x86)/atmel/studio/7.0/toolchain/arm/arm-gnu-toolchain/bin/../lib/gcc/arm-none-eabi/6.3.1/../../../../arm-none-eabi/lib/thumb/v7e-m\libc.a(lib_a-atexit.o)
                0x004002e0                atexit
 .text.__libc_fini_array
                0x004002ec       0x34 c:/program files (x86)/atmel/studio/7.0/toolchain/arm/arm-gnu-toolchain/bin/../lib/gcc/arm-none-eabi/6.3.1/../../../../arm-none-eabi/lib/thumb/v7e-m\libc.a(lib_a-fini.o)
                0x004002ec                __libc_fini_array
 .text.__retarget_lock_acquire_recursive
                0x00400320        0x4 c:/program files (x86)/atmel/studio/7.0/toolchain/arm/arm-gnu-toolchain/bin/../lib/gcc/arm-none-eabi/6.3.1/../../../../arm-none-eabi/lib/thumb/v7e-m\libc.a(lib_a-lock.o)
                0x00400320                __retarget_lock_acquire_recursive
 .text.__retarget_lock_release_recursive
                0x00400324        0x4 c:/program files (x86)/atmel/studio/7.0/toolchain/arm/arm-gnu-toolchain/bin/../lib/gcc/arm-none-eabi/6.3.1/../../../../arm-none-eabi/lib/thumb/v7e-m\libc.a(lib_a-lock.o)
                0x00400324                __retarget_lock_release_recursive
 .text.__register_exitproc
                0x00400328       0xc4 c:/program files (x86)/atmel/studio/7.0/toolchain/arm/arm-gnu-toolchain/bin/../lib/gcc/arm-none-eabi/6.3.1/../../../../arm-none-eabi/lib/thumb/v7e-m\libc.a(lib_a-__atexit.o)
                0x00400328                __register_exitproc
 *(.glue_7t)
 .glue_7t       0x004003ec        0x0 linker stubs
 *(.glue_7)
 .glue_7        0x004003ec        0x0 linker stubs
 *(.rodata .rodata* .gnu.linkonce.r.*)
 .rodata._global_impure_ptr
                0x004003ec        0x4 c:/program files (x86)/atmel/studio/7.0/toolchain/arm/arm-gnu-toolchain/bin/../lib/gcc/arm-none-eabi/6.3.1/../../../../arm-none-eabi/lib/thumb/v7e-m\libc.a(lib_a-impure.o)
                0x004003ec                _global_impure_ptr
 *(.ARM.extab* .gnu.linkonce.armextab.*)
                0x004003f0                . = ALIGN (0x4)
 *(.init)
 .init          0x004003f0        0x4 c:/program files (x86)/atmel/studio/7.0/toolchain/arm/arm-gnu-toolchain/bin/../lib/gcc/arm-none-eabi/6.3.1/thumb/v7e-m/crti.o
                0x004003f0                _init
 .init          0x004003f4        0x8 c:/program files (x86)/atmel/studio/7.0/toolchain/arm/arm-gnu-toolchain/bin/../lib/gcc/arm-none-eabi/6.3.1/thumb/v7e-m/crtn.o
                0x004003fc                . = ALIGN (0x4)
                0x004003fc                __preinit_array_start = .
 *(.preinit_array)
                0x004003fc                __preinit_array_end = .
                0x004003fc                . = ALIGN (0x4)
                0x004003fc                __init_array_start = .
 *(SORT(.init_array.*))
 .init_array.00000
                0x004003fc        0x4 c:/program files (x86)/atmel/studio/7.0/toolchain/arm/arm-gnu-toolchain/bin/../lib/gcc/arm-none-eabi/6.3.1/../../../../arm-none-eabi/lib/thumb/v7e-m\libc.a(lib_a-__call_atexit.o)
 *(.init_array)
 .init_array    0x00400400        0x4 c:/program files (x86)/atmel/studio/7.0/toolchain/arm/arm-gnu-toolchain/bin/../lib/gcc/arm-none-eabi/6.3.1/thumb/v7e-m/crtbegin.o
                0x00400404                __init_array_end = .
                0x00400404                . = ALIGN (0x4)
 *crtbegin.o(.ctors)
 *(EXCLUDE_FILE(*crtend.o) .ctors)
 *(SORT(.ctors.*))
 *crtend.o(.ctors)
                0x00400404                . = ALIGN (0x4)
 *(.fini)
 .fini          0x00400404        0x4 c:/program files (x86)/atmel/studio/7.0/toolchain/arm/arm-gnu-toolchain/bin/../lib/gcc/arm-none-eabi/6.3.1/thumb/v7e-m/crti.o
                0x00400404                _fini
 .fini          0x00400408        0x8 c:/program files (x86)/atmel/studio/7.0/toolchain/arm/arm-gnu-toolchain/bin/../lib/gcc/arm-none-eabi/6.3.1/thumb/v7e-m/crtn.o
                0x00400410                . = ALIGN (0x4)
                0x00400410                __fini_array_start = .
 *(.fini_array)
 .fini_array    0x00400410        0x4 c:/program files (x86)/atmel/studio/7.0/toolchain/arm/arm-gnu-toolchain/bin/../lib/gcc/arm-none-eabi/6.3.1/thumb/v7e-m/crtbegin.o
 *(SORT(.fini_array.*))
                0x00400414                __fini_array_end = .
 *crtbegin.o(.dtors)
 *(EXCLUDE_FILE(*crtend.o) .dtors)
 *(SORT(.dtors.*))
 *crtend.o(.dtors)
                0x00400414                . = ALIGN (0x4)
                0x00400414                _efixed = .
                [!provide]                PROVIDE (__exidx_start, .)

.vfp11_veneer   0x00400414        0x0
 .vfp11_veneer  0x00400414        0x0 linker stubs

.v4_bx          0x00400414        0x0
 .v4_bx         0x00400414        0x0 linker stubs

.iplt           0x00400414        0x0
 .iplt          0x00400414        0x0 c:/program files (x86)/atmel/studio/7.0/toolchain/arm/arm-gnu-toolchain/bin/../lib/gcc/arm-none-eabi/6.3.1/thumb/v7e-m/crtbegin.o

.eh_frame       0x00400414        0x0
 .eh_frame      0x00400414        0x0 c:/program files (x86)/atmel/studio/7.0/toolchain/arm/arm-gnu-toolchain/bin/../lib/gcc/arm-none-eabi/6.3.1/thumb/v7e-m/crtbegin.o

.rel.dyn        0x00400414        0x0
 .rel.iplt      0x00400414        0x0 c:/program files (x86)/atmel/studio/7.0/toolchain/arm/arm-gnu-toolchain/bin/../lib/gcc/arm-none-eabi/6.3.1/thumb/v7e-m/crtbegin.o

.jcr            0x00400414        0x0
 .jcr           0x00400414        0x0 c:/program files (x86)/atmel/studio/7.0/toolchain/arm/arm-gnu-toolchain/bin/../lib/gcc/arm-none-eabi/6.3.1/thumb/v7e-m/crtbegin.o

.igot.plt       0x00400414        0x0
 .igot.plt      0x00400414        0x0 c:/program files (x86)/atmel/studio/7.0/toolchain/arm/arm-gnu-toolchain/bin/../lib/gcc/arm-none-eabi/6.3.1/thumb/v7e-m/crtbegin.o

.ARM.exidx
 *(.ARM.exidx* .gnu.linkonce.armexidx.*)
                [!provide]                PROVIDE (__exidx_end, .)
                0x00400414                . = ALIGN (0x4)
                0x00400414                _etext = .

.relocate       0x20000000      0x434 load address 0x00400414
                0x20000000                . = ALIGN (0x4)
                0x20000000                _srelocate = .
 *(.ramfunc .ramfunc.*)
 *(.data .data.*)
 .data          0x20000000        0x4 Device_Startup/system_sam4e.o
                0x20000000                SystemCoreClock
 *fill*         0x20000004        0x4 
 .data.impure_data
                0x20000008      0x428 c:/program files (x86)/atmel/studio/7.0/toolchain/arm/arm-gnu-toolchain/bin/../lib/gcc/arm-none-eabi/6.3.1/../../../../arm-none-eabi/lib/thumb/v7e-m\libc.a(lib_a-impure.o)
 .data.__atexit_recursive_mutex
                0x20000430        0x4 c:/program files (x86)/atmel/studio/7.0/toolchain/arm/arm-gnu-toolchain/bin/../lib/gcc/arm-none-eabi/6.3.1/../../../../arm-none-eabi/lib/thumb/v7e-m\libc.a(lib_a-__call_atexit.o)
                0x20000430                __atexit_recursive_mutex
                0x20000434                . = ALIGN (0x4)
                0x20000434                _erelocate = .

.bss            0x20000434       0x40 load address 0x00400848
                0x20000434                . = ALIGN (0x4)
                0x20000434                _sbss = .
                0x20000434                _szero = .
 *(.bss .bss.*)
 .bss           0x20000434       0x1c c:/program files (x86)/atmel/studio/7.0/toolchain/arm/arm-gnu-toolchain/bin/../lib/gcc/arm-none-eabi/6.3.1/thumb/v7e-m/crtbegin.o
 *(COMMON)
 COMMON         0x20000450       0x21 c:/program files (x86)/atmel/studio/7.0/toolchain/arm/arm-gnu-toolchain/bin/../lib/gcc/arm-none-eabi/6.3.1/../../../../arm-none-eabi/lib/thumb/v7e-m\libc.a(lib_a-lock.o)
                0x20000450                __lock___atexit_recursive_mutex
                0x20000454                __lock___arc4random_mutex
                0x20000458                __lock___env_recursive_mutex
                0x2000045c                __lock___sinit_recursive_mutex
                0x20000460                __lock___malloc_recursive_mutex
                0x20000464                __lock___at_quick_exit_mutex
                0x20000468                __lock___dd_hash_mutex
                0x2000046c                __lock___tz_mutex
                0x20000470                __lock___sfp_recursive_mutex
                0x20000474                . = ALIGN (0x4)
 *fill*         0x20000471        0x3 
                0x20000474                _ebss = .
                0x20000474                _ezero = .

.stack          0x20000474     0x3004 load address 0x00400888
                0x20000478                . = ALIGN (0x8)
 *fill*         0x20000474        0x4 
                0x20000478                _sstack = .
                0x20003478                . = (. + STACK_SIZE)
 *fill*         0x20000478     0x3000 
                0x20003478                . = ALIGN (0x8)
                0x20003478                _estack = .
                0x20003478                . = ALIGN (0x4)
                0x20003478                _end = .
OUTPUT(testcpp.elf elf32-littlearm)

.ARM.attributes
                0x00000000       0x2a
 .ARM.attributes
                0x00000000       0x1e c:/program files (x86)/atmel/studio/7.0/toolchain/arm/arm-gnu-toolchain/bin/../lib/gcc/arm-none-eabi/6.3.1/thumb/v7e-m/crti.o
 .ARM.attributes
                0x0000001e       0x2e c:/program files (x86)/atmel/studio/7.0/toolchain/arm/arm-gnu-toolchain/bin/../lib/gcc/arm-none-eabi/6.3.1/thumb/v7e-m/crtbegin.o
 .ARM.attributes
                0x0000004c       0x33 Device_Startup/startup_sam4e.o
 .ARM.attributes
                0x0000007f       0x33 Device_Startup/system_sam4e.o
 .ARM.attributes
                0x000000b2       0x33 main.o
 .ARM.attributes
                0x000000e5       0x2e c:/program files (x86)/atmel/studio/7.0/toolchain/arm/arm-gnu-toolchain/bin/../lib/gcc/arm-none-eabi/6.3.1/../../../../arm-none-eabi/lib/thumb/v7e-m\libc.a(lib_a-impure.o)
 .ARM.attributes
                0x00000113       0x2e c:/program files (x86)/atmel/studio/7.0/toolchain/arm/arm-gnu-toolchain/bin/../lib/gcc/arm-none-eabi/6.3.1/../../../../arm-none-eabi/lib/thumb/v7e-m\libc.a(lib_a-init.o)
 .ARM.attributes
                0x00000141       0x2e c:/program files (x86)/atmel/studio/7.0/toolchain/arm/arm-gnu-toolchain/bin/../lib/gcc/arm-none-eabi/6.3.1/../../../../arm-none-eabi/lib/thumb/v7e-m\libc.a(lib_a-__call_atexit.o)
 .ARM.attributes
                0x0000016f       0x2e c:/program files (x86)/atmel/studio/7.0/toolchain/arm/arm-gnu-toolchain/bin/../lib/gcc/arm-none-eabi/6.3.1/../../../../arm-none-eabi/lib/thumb/v7e-m\libc.a(lib_a-atexit.o)
 .ARM.attributes
                0x0000019d       0x2e c:/program files (x86)/atmel/studio/7.0/toolchain/arm/arm-gnu-toolchain/bin/../lib/gcc/arm-none-eabi/6.3.1/../../../../arm-none-eabi/lib/thumb/v7e-m\libc.a(lib_a-fini.o)
 .ARM.attributes
                0x000001cb       0x2e c:/program files (x86)/atmel/studio/7.0/toolchain/arm/arm-gnu-toolchain/bin/../lib/gcc/arm-none-eabi/6.3.1/../../../../arm-none-eabi/lib/thumb/v7e-m\libc.a(lib_a-lock.o)
 .ARM.attributes
                0x000001f9       0x2e c:/program files (x86)/atmel/studio/7.0/toolchain/arm/arm-gnu-toolchain/bin/../lib/gcc/arm-none-eabi/6.3.1/../../../../arm-none-eabi/lib/thumb/v7e-m\libc.a(lib_a-__atexit.o)
 .ARM.attributes
                0x00000227       0x1e c:/program files (x86)/atmel/studio/7.0/toolchain/arm/arm-gnu-toolchain/bin/../lib/gcc/arm-none-eabi/6.3.1/thumb/v7e-m/crtn.o

.comment        0x00000000       0x59
 .comment       0x00000000       0x59 Device_Startup/startup_sam4e.o
                                 0x5a (size before relaxing)
 .comment       0x00000059       0x5a Device_Startup/system_sam4e.o
 .comment       0x00000059       0x5a main.o

.debug_info     0x00000000      0xdab
 .debug_info    0x00000000      0x75e Device_Startup/startup_sam4e.o
 .debug_info    0x0000075e      0x483 Device_Startup/system_sam4e.o
 .debug_info    0x00000be1      0x1ca main.o

.debug_abbrev   0x00000000      0x3a0
 .debug_abbrev  0x00000000      0x153 Device_Startup/startup_sam4e.o
 .debug_abbrev  0x00000153      0x102 Device_Startup/system_sam4e.o
 .debug_abbrev  0x00000255      0x14b main.o

.debug_loc      0x00000000       0x98
 .debug_loc     0x00000000       0x78 Device_Startup/startup_sam4e.o
 .debug_loc     0x00000078       0x20 main.o

.debug_aranges  0x00000000       0x78
 .debug_aranges
                0x00000000       0x28 Device_Startup/startup_sam4e.o
 .debug_aranges
                0x00000028       0x30 Device_Startup/system_sam4e.o
 .debug_aranges
                0x00000058       0x20 main.o

.debug_ranges   0x00000000       0x48
 .debug_ranges  0x00000000       0x18 Device_Startup/startup_sam4e.o
 .debug_ranges  0x00000018       0x20 Device_Startup/system_sam4e.o
 .debug_ranges  0x00000038       0x10 main.o

.debug_macro    0x00000000    0x10bae
 .debug_macro   0x00000000      0x375 Device_Startup/startup_sam4e.o
 .debug_macro   0x00000375      0x8b0 Device_Startup/startup_sam4e.o
 .debug_macro   0x00000c25       0x22 Device_Startup/startup_sam4e.o
 .debug_macro   0x00000c47       0x87 Device_Startup/startup_sam4e.o
 .debug_macro   0x00000cce       0x51 Device_Startup/startup_sam4e.o
 .debug_macro   0x00000d1f       0xef Device_Startup/startup_sam4e.o
 .debug_macro   0x00000e0e       0x6a Device_Startup/startup_sam4e.o
 .debug_macro   0x00000e78      0x1df Device_Startup/startup_sam4e.o
 .debug_macro   0x00001057       0x27 Device_Startup/startup_sam4e.o
 .debug_macro   0x0000107e       0x1c Device_Startup/startup_sam4e.o
 .debug_macro   0x0000109a       0x22 Device_Startup/startup_sam4e.o
 .debug_macro   0x000010bc       0xdf Device_Startup/startup_sam4e.o
 .debug_macro   0x0000119b      0xf07 Device_Startup/startup_sam4e.o
 .debug_macro   0x000020a2      0x154 Device_Startup/startup_sam4e.o
 .debug_macro   0x000021f6      0x1f7 Device_Startup/startup_sam4e.o
 .debug_macro   0x000023ed      0xdb5 Device_Startup/startup_sam4e.o
 .debug_macro   0x000031a2      0x531 Device_Startup/startup_sam4e.o
 .debug_macro   0x000036d3      0x2bb Device_Startup/startup_sam4e.o
 .debug_macro   0x0000398e      0x11e Device_Startup/startup_sam4e.o
 .debug_macro   0x00003aac       0xac Device_Startup/startup_sam4e.o
 .debug_macro   0x00003b58      0x320 Device_Startup/startup_sam4e.o
 .debug_macro   0x00003e78      0x53c Device_Startup/startup_sam4e.o
 .debug_macro   0x000043b4      0x106 Device_Startup/startup_sam4e.o
 .debug_macro   0x000044ba      0xa97 Device_Startup/startup_sam4e.o
 .debug_macro   0x00004f51       0x1c Device_Startup/startup_sam4e.o
 .debug_macro   0x00004f6d      0x755 Device_Startup/startup_sam4e.o
 .debug_macro   0x000056c2      0x23c Device_Startup/startup_sam4e.o
 .debug_macro   0x000058fe       0xbe Device_Startup/startup_sam4e.o
 .debug_macro   0x000059bc     0x28ac Device_Startup/startup_sam4e.o
 .debug_macro   0x00008268      0x7af Device_Startup/startup_sam4e.o
 .debug_macro   0x00008a17      0xb74 Device_Startup/startup_sam4e.o
 .debug_macro   0x0000958b       0x7c Device_Startup/startup_sam4e.o
 .debug_macro   0x00009607      0x3cb Device_Startup/startup_sam4e.o
 .debug_macro   0x000099d2       0x64 Device_Startup/startup_sam4e.o
 .debug_macro   0x00009a36      0x378 Device_Startup/startup_sam4e.o
 .debug_macro   0x00009dae      0x6f8 Device_Startup/startup_sam4e.o
 .debug_macro   0x0000a4a6      0x6da Device_Startup/startup_sam4e.o
 .debug_macro   0x0000ab80      0x373 Device_Startup/startup_sam4e.o
 .debug_macro   0x0000aef3      0x27e Device_Startup/startup_sam4e.o
 .debug_macro   0x0000b171      0x2c8 Device_Startup/startup_sam4e.o
 .debug_macro   0x0000b439      0x6ad Device_Startup/startup_sam4e.o
 .debug_macro   0x0000bae6       0x76 Device_Startup/startup_sam4e.o
 .debug_macro   0x0000bb5c      0x336 Device_Startup/startup_sam4e.o
 .debug_macro   0x0000be92       0x46 Device_Startup/startup_sam4e.o
 .debug_macro   0x0000bed8      0x216 Device_Startup/startup_sam4e.o
 .debug_macro   0x0000c0ee      0x216 Device_Startup/startup_sam4e.o
 .debug_macro   0x0000c304      0x286 Device_Startup/startup_sam4e.o
 .debug_macro   0x0000c58a       0x64 Device_Startup/startup_sam4e.o
 .debug_macro   0x0000c5ee       0x7c Device_Startup/startup_sam4e.o
 .debug_macro   0x0000c66a       0xb8 Device_Startup/startup_sam4e.o
 .debug_macro   0x0000c722       0x52 Device_Startup/startup_sam4e.o
 .debug_macro   0x0000c774       0x88 Device_Startup/startup_sam4e.o
 .debug_macro   0x0000c7fc      0x1b6 Device_Startup/startup_sam4e.o
 .debug_macro   0x0000c9b2      0x1b6 Device_Startup/startup_sam4e.o
 .debug_macro   0x0000cb68      0x126 Device_Startup/startup_sam4e.o
 .debug_macro   0x0000cc8e       0xac Device_Startup/startup_sam4e.o
 .debug_macro   0x0000cd3a       0xac Device_Startup/startup_sam4e.o
 .debug_macro   0x0000cde6       0x94 Device_Startup/startup_sam4e.o
 .debug_macro   0x0000ce7a       0x94 Device_Startup/startup_sam4e.o
 .debug_macro   0x0000cf0e       0xca Device_Startup/startup_sam4e.o
 .debug_macro   0x0000cfd8       0xca Device_Startup/startup_sam4e.o
 .debug_macro   0x0000d0a2       0x7c Device_Startup/startup_sam4e.o
 .debug_macro   0x0000d11e       0x40 Device_Startup/startup_sam4e.o
 .debug_macro   0x0000d15e       0xee Device_Startup/startup_sam4e.o
 .debug_macro   0x0000d24c       0x46 Device_Startup/startup_sam4e.o
 .debug_macro   0x0000d292       0xee Device_Startup/startup_sam4e.o
 .debug_macro   0x0000d380       0xa0 Device_Startup/startup_sam4e.o
 .debug_macro   0x0000d420       0x7c Device_Startup/startup_sam4e.o
 .debug_macro   0x0000d49c       0x16 Device_Startup/startup_sam4e.o
 .debug_macro   0x0000d4b2       0x22 Device_Startup/startup_sam4e.o
 .debug_macro   0x0000d4d4      0x18e Device_Startup/startup_sam4e.o
 .debug_macro   0x0000d662      0x15e Device_Startup/startup_sam4e.o
 .debug_macro   0x0000d7c0      0x15e Device_Startup/startup_sam4e.o
 .debug_macro   0x0000d91e      0x15e Device_Startup/startup_sam4e.o
 .debug_macro   0x0000da7c      0x15e Device_Startup/startup_sam4e.o
 .debug_macro   0x0000dbda       0x1c Device_Startup/startup_sam4e.o
 .debug_macro   0x0000dbf6       0x2e Device_Startup/startup_sam4e.o
 .debug_macro   0x0000dc24       0x22 Device_Startup/startup_sam4e.o
 .debug_macro   0x0000dc46       0x1c Device_Startup/startup_sam4e.o
 .debug_macro   0x0000dc62       0x52 Device_Startup/startup_sam4e.o
 .debug_macro   0x0000dcb4       0x10 Device_Startup/startup_sam4e.o
 .debug_macro   0x0000dcc4      0x2a4 Device_Startup/startup_sam4e.o
 .debug_macro   0x0000df68      0xb43 Device_Startup/startup_sam4e.o
 .debug_macro   0x0000eaab       0xe4 Device_Startup/startup_sam4e.o
 .debug_macro   0x0000eb8f      0x38d Device_Startup/system_sam4e.o
 .debug_macro   0x0000ef1c      0x37a main.o
 .debug_macro   0x0000f296      0x9a6 main.o
 .debug_macro   0x0000fc3c       0x1c main.o
 .debug_macro   0x0000fc58       0x4f main.o
 .debug_macro   0x0000fca7      0xf07 main.o

.debug_line     0x00000000     0x15ff
 .debug_line    0x00000000      0x74a Device_Startup/startup_sam4e.o
 .debug_line    0x0000074a      0x7a5 Device_Startup/system_sam4e.o
 .debug_line    0x00000eef      0x710 main.o

.debug_str      0x00000000    0x475fa
 .debug_str     0x00000000    0x46be8 Device_Startup/startup_sam4e.o
                              0x46dde (size before relaxing)
 .debug_str     0x00046be8      0x301 Device_Startup/system_sam4e.o
                              0x46baf (size before relaxing)
 .debug_str     0x00046ee9      0x711 main.o
                              0x46d5a (size before relaxing)

.debug_frame    0x00000000      0x260
 .debug_frame   0x00000000       0x38 Device_Startup/startup_sam4e.o
 .debug_frame   0x00000038       0x40 Device_Startup/system_sam4e.o
 .debug_frame   0x00000078       0x28 main.o
 .debug_frame   0x000000a0       0x2c c:/program files (x86)/atmel/studio/7.0/toolchain/arm/arm-gnu-toolchain/bin/../lib/gcc/arm-none-eabi/6.3.1/../../../../arm-none-eabi/lib/thumb/v7e-m\libc.a(lib_a-init.o)
 .debug_frame   0x000000cc       0x5c c:/program files (x86)/atmel/studio/7.0/toolchain/arm/arm-gnu-toolchain/bin/../lib/gcc/arm-none-eabi/6.3.1/../../../../arm-none-eabi/lib/thumb/v7e-m\libc.a(lib_a-__call_atexit.o)
 .debug_frame   0x00000128       0x20 c:/program files (x86)/atmel/studio/7.0/toolchain/arm/arm-gnu-toolchain/bin/../lib/gcc/arm-none-eabi/6.3.1/../../../../arm-none-eabi/lib/thumb/v7e-m\libc.a(lib_a-atexit.o)
 .debug_frame   0x00000148       0x34 c:/program files (x86)/atmel/studio/7.0/toolchain/arm/arm-gnu-toolchain/bin/../lib/gcc/arm-none-eabi/6.3.1/../../../../arm-none-eabi/lib/thumb/v7e-m\libc.a(lib_a-fini.o)
 .debug_frame   0x0000017c       0xb0 c:/program files (x86)/atmel/studio/7.0/toolchain/arm/arm-gnu-toolchain/bin/../lib/gcc/arm-none-eabi/6.3.1/../../../../arm-none-eabi/lib/thumb/v7e-m\libc.a(lib_a-lock.o)
 .debug_frame   0x0000022c       0x34 c:/program files (x86)/atmel/studio/7.0/toolchain/arm/arm-gnu-toolchain/bin/../lib/gcc/arm-none-eabi/6.3.1/../../../../arm-none-eabi/lib/thumb/v7e-m\libc.a(lib_a-__atexit.o)
